// Jest Snapshot v1, https://goo.gl/fbAQLP

exports[`Landing matches the snapshot 1`] = `
ShallowWrapper {
  Symbol(enzyme.__root__): [Circular],
  Symbol(enzyme.__unrendered__): <Landing />,
  Symbol(enzyme.__renderer__): Object {
    "batchedUpdates": [Function],
    "getNode": [Function],
    "render": [Function],
    "simulateEvent": [Function],
    "unmount": [Function],
  },
  Symbol(enzyme.__node__): Object {
    "instance": null,
    "key": undefined,
    "nodeType": "host",
    "props": Object {
      "children": Array [
        <div
          className="fade"
/>,
        <article
          className="star-wars"
>
          <div
                    className="crawl"
          >
                    <div
                              className="title"
                    >
                              <h1 />
                              <p />
                    </div>
                    <p />
                    <div
                              className="orange"
                    >
                              NOW
                    </div>
                    <h1
                              className="red"
                    >
                              CLICK HERE ON THE SCREEN
                    </h1>
          </div>
</article>,
      ],
      "onClick": undefined,
    },
    "ref": null,
    "rendered": Array [
      Object {
        "instance": null,
        "key": undefined,
        "nodeType": "host",
        "props": Object {
          "className": "fade",
        },
        "ref": null,
        "rendered": null,
        "type": "div",
      },
      Object {
        "instance": null,
        "key": undefined,
        "nodeType": "host",
        "props": Object {
          "children": <div
            className="crawl"
>
            <div
                        className="title"
            >
                        <h1 />
                        <p />
            </div>
            <p />
            <div
                        className="orange"
            >
                        NOW
            </div>
            <h1
                        className="red"
            >
                        CLICK HERE ON THE SCREEN
            </h1>
</div>,
          "className": "star-wars",
        },
        "ref": null,
        "rendered": Object {
          "instance": null,
          "key": undefined,
          "nodeType": "host",
          "props": Object {
            "children": Array [
              <div
                className="title"
>
                <h1 />
                <p />
</div>,
              <p />,
              <div
                className="orange"
>
                NOW
</div>,
              <h1
                className="red"
>
                CLICK HERE ON THE SCREEN
</h1>,
            ],
            "className": "crawl",
          },
          "ref": null,
          "rendered": Array [
            Object {
              "instance": null,
              "key": undefined,
              "nodeType": "host",
              "props": Object {
                "children": Array [
                  <h1 />,
                  <p />,
                ],
                "className": "title",
              },
              "ref": null,
              "rendered": Array [
                Object {
                  "instance": null,
                  "key": undefined,
                  "nodeType": "host",
                  "props": Object {
                    "children": undefined,
                  },
                  "ref": null,
                  "rendered": null,
                  "type": "h1",
                },
                Object {
                  "instance": null,
                  "key": undefined,
                  "nodeType": "host",
                  "props": Object {
                    "children": undefined,
                  },
                  "ref": null,
                  "rendered": null,
                  "type": "p",
                },
              ],
              "type": "div",
            },
            Object {
              "instance": null,
              "key": undefined,
              "nodeType": "host",
              "props": Object {
                "children": undefined,
              },
              "ref": null,
              "rendered": null,
              "type": "p",
            },
            Object {
              "instance": null,
              "key": undefined,
              "nodeType": "host",
              "props": Object {
                "children": "NOW",
                "className": "orange",
              },
              "ref": null,
              "rendered": "NOW",
              "type": "div",
            },
            Object {
              "instance": null,
              "key": undefined,
              "nodeType": "host",
              "props": Object {
                "children": "CLICK HERE ON THE SCREEN",
                "className": "red",
              },
              "ref": null,
              "rendered": "CLICK HERE ON THE SCREEN",
              "type": "h1",
            },
          ],
          "type": "div",
        },
        "type": "article",
      },
    ],
    "type": "div",
  },
  Symbol(enzyme.__nodes__): Array [
    Object {
      "instance": null,
      "key": undefined,
      "nodeType": "host",
      "props": Object {
        "children": Array [
          <div
            className="fade"
/>,
          <article
            className="star-wars"
>
            <div
                        className="crawl"
            >
                        <div
                                    className="title"
                        >
                                    <h1 />
                                    <p />
                        </div>
                        <p />
                        <div
                                    className="orange"
                        >
                                    NOW
                        </div>
                        <h1
                                    className="red"
                        >
                                    CLICK HERE ON THE SCREEN
                        </h1>
            </div>
</article>,
        ],
        "onClick": undefined,
      },
      "ref": null,
      "rendered": Array [
        Object {
          "instance": null,
          "key": undefined,
          "nodeType": "host",
          "props": Object {
            "className": "fade",
          },
          "ref": null,
          "rendered": null,
          "type": "div",
        },
        Object {
          "instance": null,
          "key": undefined,
          "nodeType": "host",
          "props": Object {
            "children": <div
              className="crawl"
>
              <div
                            className="title"
              >
                            <h1 />
                            <p />
              </div>
              <p />
              <div
                            className="orange"
              >
                            NOW
              </div>
              <h1
                            className="red"
              >
                            CLICK HERE ON THE SCREEN
              </h1>
</div>,
            "className": "star-wars",
          },
          "ref": null,
          "rendered": Object {
            "instance": null,
            "key": undefined,
            "nodeType": "host",
            "props": Object {
              "children": Array [
                <div
                  className="title"
>
                  <h1 />
                  <p />
</div>,
                <p />,
                <div
                  className="orange"
>
                  NOW
</div>,
                <h1
                  className="red"
>
                  CLICK HERE ON THE SCREEN
</h1>,
              ],
              "className": "crawl",
            },
            "ref": null,
            "rendered": Array [
              Object {
                "instance": null,
                "key": undefined,
                "nodeType": "host",
                "props": Object {
                  "children": Array [
                    <h1 />,
                    <p />,
                  ],
                  "className": "title",
                },
                "ref": null,
                "rendered": Array [
                  Object {
                    "instance": null,
                    "key": undefined,
                    "nodeType": "host",
                    "props": Object {
                      "children": undefined,
                    },
                    "ref": null,
                    "rendered": null,
                    "type": "h1",
                  },
                  Object {
                    "instance": null,
                    "key": undefined,
                    "nodeType": "host",
                    "props": Object {
                      "children": undefined,
                    },
                    "ref": null,
                    "rendered": null,
                    "type": "p",
                  },
                ],
                "type": "div",
              },
              Object {
                "instance": null,
                "key": undefined,
                "nodeType": "host",
                "props": Object {
                  "children": undefined,
                },
                "ref": null,
                "rendered": null,
                "type": "p",
              },
              Object {
                "instance": null,
                "key": undefined,
                "nodeType": "host",
                "props": Object {
                  "children": "NOW",
                  "className": "orange",
                },
                "ref": null,
                "rendered": "NOW",
                "type": "div",
              },
              Object {
                "instance": null,
                "key": undefined,
                "nodeType": "host",
                "props": Object {
                  "children": "CLICK HERE ON THE SCREEN",
                  "className": "red",
                },
                "ref": null,
                "rendered": "CLICK HERE ON THE SCREEN",
                "type": "h1",
              },
            ],
            "type": "div",
          },
          "type": "article",
        },
      ],
      "type": "div",
    },
  ],
  Symbol(enzyme.__options__): Object {
    "adapter": ReactSixteenAdapter {
      "options": Object {
        "enableComponentDidUpdateOnSetState": true,
        "lifecycles": Object {
          "componentDidUpdate": Object {
            "onSetState": true,
          },
          "getSnapshotBeforeUpdate": true,
        },
      },
    },
    "attachTo": undefined,
    "hydrateIn": undefined,
  },
}
`;
