// Jest Snapshot v1, https://goo.gl/fbAQLP

exports[`CategoryContainer matches the snapshot 1`] = `undefined`;
